Archive member included to satisfy reference by file (symbol)

../MiniDexed/circle-stdlib/install/aarch64-none-circle/lib/libc.a(lib_a-cxa_atexit.o)
                              kernel.o (__cxa_atexit)
../MiniDexed/circle-stdlib/install/aarch64-none-circle/lib/libc.a(lib_a-snprintf.o)
                              kernel.o (snprintf)
../MiniDexed/circle-stdlib/install/aarch64-none-circle/lib/libc.a(lib_a-strcmp.o)
                              kernel.o (strcmp)
../MiniDexed/circle-stdlib/install/aarch64-none-circle/lib/libc.a(lib_a-strlen.o)
                              kernel.o (strlen)
../MiniDexed/circle-stdlib/install/aarch64-none-circle/lib/libc.a(lib_a-svfprintf.o)
                              ../MiniDexed/circle-stdlib/install/aarch64-none-circle/lib/libc.a(lib_a-snprintf.o) (_svfprintf_r)
../MiniDexed/circle-stdlib/install/aarch64-none-circle/lib/libc.a(lib_a-__atexit.o)
                              ../MiniDexed/circle-stdlib/install/aarch64-none-circle/lib/libc.a(lib_a-cxa_atexit.o) (__register_exitproc)
../MiniDexed/circle-stdlib/install/aarch64-none-circle/lib/libc.a(lib_a-dtoa.o)
                              ../MiniDexed/circle-stdlib/install/aarch64-none-circle/lib/libc.a(lib_a-svfprintf.o) (_dtoa_r)
../MiniDexed/circle-stdlib/install/aarch64-none-circle/lib/libc.a(lib_a-impure.o)
                              ../MiniDexed/circle-stdlib/install/aarch64-none-circle/lib/libc.a(lib_a-snprintf.o) (_impure_ptr)
../MiniDexed/circle-stdlib/install/aarch64-none-circle/lib/libc.a(lib_a-localeconv.o)
                              ../MiniDexed/circle-stdlib/install/aarch64-none-circle/lib/libc.a(lib_a-svfprintf.o) (_localeconv_r)
../MiniDexed/circle-stdlib/install/aarch64-none-circle/lib/libc.a(lib_a-memchr.o)
                              ../MiniDexed/circle-stdlib/install/aarch64-none-circle/lib/libc.a(lib_a-svfprintf.o) (memchr)
../MiniDexed/circle-stdlib/install/aarch64-none-circle/lib/libc.a(lib_a-mprec.o)
                              ../MiniDexed/circle-stdlib/install/aarch64-none-circle/lib/libc.a(lib_a-dtoa.o) (_Balloc)
../MiniDexed/circle-stdlib/install/aarch64-none-circle/lib/libc.a(lib_a-svfiprintf.o)
                              ../MiniDexed/circle-stdlib/install/aarch64-none-circle/lib/libc.a(lib_a-svfprintf.o) (__ssprint_r)
../MiniDexed/circle-stdlib/install/aarch64-none-circle/lib/libc.a(lib_a-locale.o)
                              ../MiniDexed/circle-stdlib/install/aarch64-none-circle/lib/libc.a(lib_a-localeconv.o) (__global_locale)
../MiniDexed/circle-stdlib/install/aarch64-none-circle/lib/libc.a(lib_a-mbtowc_r.o)
                              ../MiniDexed/circle-stdlib/install/aarch64-none-circle/lib/libc.a(lib_a-locale.o) (__ascii_mbtowc)
../MiniDexed/circle-stdlib/install/aarch64-none-circle/lib/libc.a(lib_a-wctomb_r.o)
                              ../MiniDexed/circle-stdlib/install/aarch64-none-circle/lib/libc.a(lib_a-locale.o) (__ascii_wctomb)
../MiniDexed/circle-stdlib/install/aarch64-none-circle/lib/libc.a(lib_a-ctype_.o)
                              ../MiniDexed/circle-stdlib/install/aarch64-none-circle/lib/libc.a(lib_a-locale.o) (_ctype_)
../MiniDexed/circle-stdlib/install/aarch64-none-circle/lib/libcirclenewlib.a(io.o)
                              kernel.o (CGlueStdioInit(CConsole&))
../MiniDexed/circle-stdlib/install/aarch64-none-circle/lib/libcirclenewlib.a(mem.o)
                              ../MiniDexed/circle-stdlib/install/aarch64-none-circle/lib/libc.a(lib_a-svfprintf.o) (_malloc_r)
../MiniDexed/circle-stdlib/libs/circle/addon/display/libdisplay.a(hd44780device.o)
                              kernel.o (CHD44780Device::Initialize())
../MiniDexed/circle-stdlib/libs/circle/addon/display/libdisplay.a(st7789display.o)
                              kernel.o (CST7789Display::SetRotation(unsigned int))
../MiniDexed/circle-stdlib/libs/circle/addon/display/libdisplay.a(chardevice.o)
                              ../MiniDexed/circle-stdlib/libs/circle/addon/display/libdisplay.a(hd44780device.o) (CCharDevice::CCharDevice(unsigned int, unsigned int))
../MiniDexed/circle-stdlib/libs/circle/addon/display/libdisplay.a(ssd1306device.o)
                              kernel.o (CSSD1306Device::CSSD1306Device(unsigned int, unsigned int, CI2CMaster*, unsigned char, bool, bool))
../MiniDexed/circle-stdlib/libs/circle/addon/display/libdisplay.a(st7789device.o)
                              kernel.o (CST7789Device::CST7789Device(CSPIMaster*, CST7789Display*, unsigned int, unsigned int, TFont const&, bool, bool, bool))
../MiniDexed/circle-stdlib/libs/circle/addon/sensor/libsensor.a(ky040.o)
                              kernel.o (CKY040::Initialize())
../MiniDexed/circle-stdlib/libs/circle/addon/Properties/libproperties.a(properties.o)
                              kernel.o (CProperties::GetNumber(char const*, unsigned int) const)
../MiniDexed/circle-stdlib/libs/circle/addon/Properties/libproperties.a(propertiesfatfsfile.o)
[...]
Memory Configuration

Name             Origin             Length             Attributes
*default*        0x0000000000000000 0xffffffffffffffff

Linker script and memory map

Address of section .init set to 0x80000

.init           0x0000000000080000      0x148
 *(.init)
 .init          0x0000000000080000      0x148 ../MiniDexed/circle-stdlib/libs/circle/lib/libcircle.a(startup64.o)
                0x0000000000080000                _start
                0x000000000008008c                _start_secondary

.text           0x0000000000080800    0x5faa4
 *(.text*)
 .text          0x0000000000080800        0x0 /workspaces/MultiSynthBoot/gcc-arm-10.3-2021.07-x86_64-aarch64-none-elf/bin/../lib/gcc/aarch64-none-elf/10.3.1/crtbegin.o
 .text.deregister_tm_clones
                0x0000000000080800       0x30 /workspaces/MultiSynthBoot/gcc-arm-10.3-2021.07-x86_64-aarch64-none-elf/bin/../lib/gcc/aarch64-none-elf/10.3.1/crtbegin.o
 .text.register_tm_clones
                0x0000000000080830       0x3c /workspaces/MultiSynthBoot/gcc-arm-10.3-2021.07-x86_64-aarch64-none-elf/bin/../lib/gcc/aarch64-none-elf/10.3.1/crtbegin.o
 *fill*         0x000000000008086c        0x4 
 .text.__do_global_dtors_aux
                0x0000000000080870       0x48 /workspaces/MultiSynthBoot/gcc-arm-10.3-2021.07-x86_64-aarch64-none-elf/bin/../lib/gcc/aarch64-none-elf/10.3.1/crtbegin.o
 *fill*         0x00000000000808b8        0x8 
 .text.frame_dummy
                0x00000000000808c0       0x34 /workspaces/MultiSynthBoot/gcc-arm-10.3-2021.07-x86_64-aarch64-none-elf/bin/../lib/gcc/aarch64-none-elf/10.3.1/crtbegin.o
 .text          0x00000000000808f4        0x0 main.o
 *fill*         0x00000000000808f4        0xc 
 .text.startup  0x0000000000080900       0x74 main.o
                0x0000000000080900                main
 *fill*         0x0000000000080974        0xc 
 .text          0x0000000000080980     0x1d54 kernel.o
                0x0000000000080980                CKernel::PanicHandler()
                0x00000000000809d0                CKernel::DeviceRemovedHandler(CDevice*, void*)
                0x0000000000080e60                CKernel::USBMIDIMessageHandler(unsigned int, unsigned char*, unsigned int)
                0x0000000000080e80                CKernel::HandleEncoderEvent(CKY040::TEvent)
                0x0000000000080f00                CKernel::LCDinit()
                0x00000000000816b0                CKernel::LCDWrite(char const*)
                0x0000000000081700                CKernel::UpdateDisplay()
                0x0000000000081720                CKernel::CheckUSBMIDI()
                0x0000000000081800                CKernel::HandleMIDIPacket(unsigned char*, unsigned int)
                0x0000000000081810                CKernel::ProcessRawMIDIData(unsigned char*, int)
                0x0000000000081830                CKernel::Deinit()
                0x0000000000081930                start_synth
                0x0000000000081960                CKernel::CKernel()
                0x0000000000081960                CKernel::CKernel()
                0x0000000000081c70                CKernel::~CKernel()
                0x0000000000081c70                CKernel::~CKernel()
                0x0000000000081da0                CKernel::~CKernel()
                0x0000000000081dd0                CKernel::ProcessMIDIInput()
                0x0000000000081e20                CKernel::Run()
                0x0000000000081fa0                kernel_main()
                0x0000000000081fb0                CKernel::Initialize()
 *fill*         0x00000000000826d4        0xc 
 .text._ZN10CStdlibApp7CleanupEv
                0x00000000000826e0        0x4 kernel.o
                0x00000000000826e0                CStdlibApp::Cleanup()
 *fill*         0x00000000000826e4        0xc 
 .text._ZN15CStdlibAppStdio7CleanupEv
                0x00000000000826f0       0x18 kernel.o
                0x00000000000826f0                CStdlibAppStdio::Cleanup()
 *fill*         0x0000000000082708        0x8 
 .text._ZN10CStdlibApp10InitializeEv
                0x0000000000082710        0x8 kernel.o
                0x0000000000082710                CStdlibApp::Initialize()
 *fill*         0x0000000000082718        0x8 
 .text._ZN16CStdlibAppScreen10InitializeEv
                0x0000000000082720       0x84 kernel.o
                0x0000000000082720                CStdlibAppScreen::Initialize()
 *fill*         0x00000000000827a4        0xc 
 .text._ZN15CStdlibAppStdio10InitializeEv
                0x00000000000827b0      0x174 kernel.o
                0x00000000000827b0                CStdlibAppStdio::Initialize()
 *fill*         0x0000000000082924        0xc 
 .text._ZN7CKernel16EncoderEventStubEN6CKY0406TEventEPv
                0x0000000000082930       0x84 kernel.o
                0x0000000000082930                CKernel::EncoderEventStub(CKY040::TEvent, void*)
 *fill*         0x00000000000829b4        0xc 
 .text._ZN16CStdlibAppScreenC2EPKc
                0x00000000000829c0      0x1fc kernel.o
                0x00000000000829c0                CStdlibAppScreen::CStdlibAppScreen(char const*)
                0x00000000000829c0                CStdlibAppScreen::CStdlibAppScreen(char const*)
 *fill*         0x0000000000082bbc        0x4 
 .text._ZN15CStdlibAppStdioD2Ev
                0x0000000000082bc0       0xa4 kernel.o
                0x0000000000082bc0                CStdlibAppStdio::~CStdlibAppStdio()
                0x0000000000082bc0                CStdlibAppStdio::~CStdlibAppStdio()
 *fill*         0x0000000000082c64        0xc 
 .text.startup  0x0000000000082c70       0x3c kernel.o
 *fill*         0x0000000000082cac        0x4 
 .text._ZN15CStdlibAppStdioD0Ev
                0x0000000000082cb0       0xb0 kernel.o
                0x0000000000082cb0                CStdlibAppStdio::~CStdlibAppStdio()
 .text          0x0000000000082d60       0x30 ../MiniDexed/circle-stdlib/install/aarch64-none-circle/lib/libc.a(lib_a-cxa_atexit.o)
                0x0000000000082d60                __cxa_atexit
 .text          0x0000000000082d90      0x2a8 ../MiniDexed/circle-stdlib/install/aarch64-none-circle/lib/libc.a(lib_a-snprintf.o)
                0x0000000000082d90                _snprintf_r
                0x0000000000082edc                snprintf
 *fill*         0x0000000000083038        0x8 
 .text          0x0000000000083040       0xe4 ../MiniDexed/circle-stdlib/install/aarch64-none-circle/lib/libc.a(lib_a-strcmp.o)
                0x0000000000083040                strcmp
 *fill*         0x0000000000083124       0x1c 
 .text          0x0000000000083140      0x140 ../MiniDexed/circle-stdlib/install/aarch64-none-circle/lib/libc.a(lib_a-strlen.o)
                0x0000000000083140                strlen
 .text          0x0000000000083280     0x2754 ../MiniDexed/circle-stdlib/install/aarch64-none-circle/lib/libc.a(lib_a-svfprintf.o)
                0x0000000000083280                _svfprintf_r
 .text          0x00000000000859d4      0x164 ../MiniDexed/circle-stdlib/install/aarch64-none-circle/lib/libc.a(lib_a-__atexit.o)
                0x00000000000859d4                __register_exitproc
 .text          0x0000000000085b38     0x1a80 ../MiniDexed/circle-stdlib/install/aarch64-none-circle/lib/libc.a(lib_a-dtoa.o)
                0x0000000000085eec                _dtoa_r
 .text          0x00000000000875b8        0x0 ../MiniDexed/circle-stdlib/install/aarch64-none-circle/lib/libc.a(lib_a-impure.o)
 .text          0x00000000000875b8       0xa8 ../MiniDexed/circle-stdlib/install/aarch64-none-circle/lib/libc.a(lib_a-localeconv.o)
                0x00000000000875ec                __localeconv_l
                0x000000000008762c                _localeconv_r
                0x0000000000087648                localeconv
 .text          0x0000000000087660       0xd8 ../MiniDexed/circle-stdlib/install/aarch64-none-circle/lib/libc.a(lib_a-memchr.o)
                0x0000000000087660                memchr
 .text          0x0000000000087738     0x18b8 ../MiniDexed/circle-stdlib/install/aarch64-none-circle/lib/libc.a(lib_a-mprec.o)
                0x0000000000087738                _Balloc
                0x0000000000087860                _Bfree
                0x00000000000878d0                __multadd
                0x0000000000087a58                __s2b
                0x0000000000087bd8                __hi0bits
                0x0000000000087c60                __lo0bits
                0x0000000000087d50                __i2b
                0x0000000000087d94                __multiply
                0x0000000000088158                __pow5mult
                0x00000000000882cc                __lshift
                0x00000000000884c4                __mcmp
                0x00000000000885c8                __mdiff
                0x0000000000088864                __ulp
                0x00000000000888f4                __b2d
                0x0000000000088adc                __d2b
                0x0000000000088ce0                __ratio
                0x0000000000088d9c                _mprec_log10
                0x0000000000088e00                __copybits
                0x0000000000088ec4                __any_on
 .text          0x0000000000088ff0     0x1764 ../MiniDexed/circle-stdlib/install/aarch64-none-circle/lib/libc.a(lib_a-svfiprintf.o)
                0x0000000000088ff0                __ssprint_r
                0x00000000000892d0                _svfiprintf_r
 .text          0x000000000008a754       0xe8 ../MiniDexed/circle-stdlib/install/aarch64-none-circle/lib/libc.a(lib_a-locale.o)
                0x000000000008a774                _setlocale_r
                0x000000000008a7f4                __locale_mb_cur_max
                0x000000000008a80c                setlocale
 .text          0x000000000008a83c       0xf8 ../MiniDexed/circle-stdlib/install/aarch64-none-circle/lib/libc.a(lib_a-mbtowc_r.o)
                0x000000000008a85c                _mbtowc_r
                0x000000000008a8a0                __ascii_mbtowc
 .text          0x000000000008a934       0xc8 ../MiniDexed/circle-stdlib/install/aarch64-none-circle/lib/libc.a(lib_a-wctomb_r.o)
                0x000000000008a954                _wctomb_r
                0x000000000008a990                __ascii_wctomb
 .text          0x000000000008a9fc        0x0 ../MiniDexed/circle-stdlib/install/aarch64-none-circle/lib/libc.a(lib_a-ctype_.o)
 .text          0x000000000008a9fc     0x1f94 ../MiniDexed/circle-stdlib/install/aarch64-none-circle/lib/libcirclenewlib.a(io.o)
                0x000000000008b95c                CGlueStdioInit(CConsole&)
                0x000000000008b97c                _open
                0x000000000008ba6c                _close
                0x000000000008bbdc                _read
                0x000000000008bc98                _write
                0x000000000008bd54                _lseek
                0x000000000008be10                _fstat
                0x000000000008bec4                ftruncate
                0x000000000008bf78                fsync
                0x000000000008bf94                _isatty
                0x000000000008bfb0                opendir
                0x000000000008c288                readdir
                0x000000000008c2e8                readdir_r
                0x000000000008c350                rewinddir
                0x000000000008c374                closedir
                0x000000000008c518                _fcntl
                0x000000000008c6b8                dup
                0x000000000008c6dc                dup2
 .text._ZN18CUSBHostController8IsActiveEv
                0x000000000008c990       0x1c ../MiniDexed/circle-stdlib/install/aarch64-none-circle/lib/libcirclenewlib.a(io.o)
                0x000000000008c990                CUSBHostController::IsActive()
 .text._ZN10CScheduler8IsActiveEv
                0x000000000008c9ac       0x1c ../MiniDexed/circle-stdlib/install/aarch64-none-circle/lib/libcirclenewlib.a(io.o)
                0x000000000008c9ac                CScheduler::IsActive()
 .text._ZN11_CIRCLE_DIRC2Ev
                0x000000000008c9c8       0x44 ../MiniDexed/circle-stdlib/install/aarch64-none-circle/lib/libcirclenewlib.a(io.o)
                0x000000000008c9c8                _CIRCLE_DIR::_CIRCLE_DIR()
                0x000000000008c9c8                _CIRCLE_DIR::_CIRCLE_DIR()
 .text._Z25call_glueio_func_void_argIXadL_ZN12_GLOBAL__N_17CGlueIO5FSyncEvEEEii
                0x000000000008ca0c       0x50 ../MiniDexed/circle-stdlib/install/aarch64-none-circle/lib/libcirclenewlib.a(io.o)
                0x000000000008ca0c                int call_glueio_func_void_arg<&(anonymous namespace)::CGlueIO::FSync>(int)
 .text._Z25call_glueio_func_void_argIXadL_ZN12_GLOBAL__N_17CGlueIO6IsATtyEvEEEii
                0x000000000008ca5c       0x50 ../MiniDexed/circle-stdlib/install/aarch64-none-circle/lib/libcirclenewlib.a(io.o)
                0x000000000008ca5c                int call_glueio_func_void_arg<&(anonymous namespace)::CGlueIO::IsATty>(int)
 .text._Z38call_glueio_func_void_arg_valid_fildesIXadL_ZN12_GLOBAL__N_17CGlueIO5FSyncEvEEEii
                0x000000000008caac       0x7c ../MiniDexed/circle-stdlib/install/aarch64-none-circle/lib/libcirclenewlib.a(io.o)
                0x000000000008caac                int call_glueio_func_void_arg_valid_fildes<&(anonymous namespace)::CGlueIO::FSync>(int)
 .text._Z38call_glueio_func_void_arg_valid_fildesIXadL_ZN12_GLOBAL__N_17CGlueIO6IsATtyEvEEEii
                0x000000000008cb28       0x7c ../MiniDexed/circle-stdlib/install/aarch64-none-circle/lib/libcirclenewlib.a(io.o)
                0x000000000008cb28                int call_glueio_func_void_arg_valid_fildes<&(anonymous namespace)::CGlueIO::IsATty>(int)
 .text          0x000000000008cba4       0x94 ../MiniDexed/circle-stdlib/install/aarch64-none-circle/lib/libcirclenewlib.a(mem.o)
                0x000000000008cba4                _malloc_r
                0x000000000008cbc4                _free_r
                0x000000000008cbe8                _realloc_r
                0x000000000008cc10                _calloc_r
 *fill*         0x000000000008cc38        0x8 
 .text          0x000000000008cc40      0x898 ../MiniDexed/circle-stdlib/libs/circle/addon/display/libdisplay.a(hd44780device.o)
                0x000000000008cc40                CHD44780Device::DevUpdateDisplay()
                0x000000000008cc50                CHD44780Device::WriteHalfByte(unsigned char, int)
                0x000000000008cd80                CHD44780Device::WriteByte(unsigned char, int)
                0x000000000008cdc0                CHD44780Device::DefineCharFont(char, unsigned char const*)
                0x000000000008ce70                CHD44780Device::DevClearCursor()
                0x000000000008ceb0                CHD44780Device::DevSetCursorMode(bool)
                0x000000000008cf10                CHD44780Device::Initialize()
                0x000000000008cf90                CHD44780Device::GetDDRAMAddress(unsigned int, unsigned int)
                0x000000000008d030                CHD44780Device::DevSetChar(unsigned int, unsigned int, char)
                0x000000000008d0b0                CHD44780Device::DevSetCursor(unsigned int, unsigned int)
                0x000000000008d100                CHD44780Device::CHD44780Device(unsigned int, unsigned int, unsigned int, unsigned int, unsigned int, unsigned int, unsigned int, unsigned int, unsigned int, bool)
                0x000000000008d100                CHD44780Device::CHD44780Device(unsigned int, unsigned int, unsigned int, unsigned int, unsigned int, unsigned int, unsigned int, unsigned int, unsigned int, bool)
                0x000000000008d300                CHD44780Device::CHD44780Device(CI2CMaster*, unsigned char, unsigned int, unsigned int, bool)
                0x000000000008d300                CHD44780Device::CHD44780Device(CI2CMaster*, unsigned char, unsigned int, unsigned int, bool)
                0x000000000008d420                CHD44780Device::~CHD44780Device()
                0x000000000008d420                CHD44780Device::~CHD44780Device()
                0x000000000008d4b0                CHD44780Device::~CHD44780Device()
 *fill*         0x000000000008d4d8        0x8 
 .text          0x000000000008d4e0     0x1234 ../MiniDexed/circle-stdlib/libs/circle/addon/display/libdisplay.a(st7789display.o)
                0x000000000008d4e0                CST7789Display::SetRotation(unsigned int)
                0x000000000008d510                CST7789Display::RotX(unsigned int, unsigned int)
                0x000000000008d560                CST7789Display::RotY(unsigned int, unsigned int)
                0x000000000008d5b0                CST7789Display::SendByte(unsigned char, bool)
                0x000000000008d650                CST7789Display::On()
                0x000000000008d670                CST7789Display::Off()
                0x000000000008d680                CST7789Display::SetWindow(unsigned int, unsigned int, unsigned int, unsigned int)
                0x000000000008d7f0                CST7789Display::SendData(void const*, unsigned long)
                0x000000000008d8d0                CST7789Display::Clear(unsigned short)
                0x000000000008d9b0                CST7789Display::Initialize()
                0x000000000008deb0                CST7789Display::SetPixel(unsigned int, unsigned int, unsigned short)
                0x000000000008df60                CST7789Display::SetPixel(unsigned int, unsigned int, unsigned int)
                0x000000000008df70                CST7789Display::DrawText(unsigned int, unsigned int, char const*, unsigned short, unsigned short, bool, bool, TFont const&)
                0x000000000008e250                CST7789Display::SetArea(CDisplay::TArea const&, void const*, void (*)(void*), void*)
                0x000000000008e4e0                CST7789Display::CST7789Display(CSPIMaster*, unsigned int, unsigned int, unsigned int, unsigned int, unsigned int, unsigned int, unsigned int, unsigned int, unsigned int, bool)
                0x000000000008e4e0                CST7789Display::CST7789Display(CSPIMaster*, unsigned int, unsigned int, unsigned int, unsigned int, unsigned int, unsigned int, unsigned int, unsigned int, unsigned int, bool)
                0x000000000008e670                CST7789Display::~CST7789Display()
                0x000000000008e670                CST7789Display::~CST7789Display()
                0x000000000008e6c0                CST7789Display::~CST7789Display()
 *fill*         0x000000000008e714        0xc 
 .text._ZNK14CST7789Display8GetWidthEv
                0x000000000008e720        0x8 ../MiniDexed/circle-stdlib/libs/circle/addon/display/libdisplay.a(st7789display.o)
                0x000000000008e720                CST7789Display::GetWidth() const
 *fill*         0x000000000008e728        0x8 
 .text._ZNK14CST7789Display9GetHeightEv
                0x000000000008e730        0x8 ../MiniDexed/circle-stdlib/libs/circle/addon/display/libdisplay.a(st7789display.o)
                0x000000000008e730                CST7789Display::GetHeight() const
 *fill*         0x000000000008e738        0x8 
 .text._ZNK14CST7789Display8GetDepthEv
                0x000000000008e740        0x8 ../MiniDexed/circle-stdlib/libs/circle/addon/display/libdisplay.a(st7789display.o)
                0x000000000008e740                CST7789Display::GetDepth() const
 *fill*         0x000000000008e748        0x8 
 .text          0x000000000008e750      0xed4 ../MiniDexed/circle-stdlib/libs/circle/addon/display/libdisplay.a(chardevice.o)
                0x000000000008e7e0                CCharDevice::CCharDevice(unsigned int, unsigned int)
                0x000000000008e7e0                CCharDevice::CCharDevice(unsigned int, unsigned int)
                0x000000000008e8a0                CCharDevice::~CCharDevice()
                0x000000000008e8a0                CCharDevice::~CCharDevice()
                0x000000000008e8e0                CCharDevice::~CCharDevice()
                0x000000000008e920                CCharDevice::Initialize()
                0x000000000008e9c0                CCharDevice::GetColumns() const
                0x000000000008e9d0                CCharDevice::GetRows() const
                0x000000000008e9e0                CCharDevice::CarriageReturn()
                0x000000000008e9f0                CCharDevice::ClearDisplayEnd()
                0x000000000008eb60                CCharDevice::ClearLineEnd()
                0x000000000008ebf0                CCharDevice::CursorHome()
                0x000000000008ec00                CCharDevice::CursorLeft()
                0x000000000008ec40                CCharDevice::CursorMove(unsigned int, unsigned int)
                0x000000000008ec70                CCharDevice::CursorUp()
                0x000000000008ec90                CCharDevice::EraseChars(unsigned int)
                0x000000000008eca0                CCharDevice::SetAutoPageMode(bool)
                0x000000000008ecb0                CCharDevice::SetCursorMode(bool)
                0x000000000008ecd0                CCharDevice::Scroll()
                0x000000000008ee00                CCharDevice::CursorDown()
                0x000000000008ee60                CCharDevice::NewLine()
                0x000000000008eec0                CCharDevice::CursorRight()
                0x000000000008ef30                CCharDevice::Tabulator()
                0x000000000008efb0                CCharDevice::DisplayChar(char)
                0x000000000008f090                CCharDevice::Write(char)
                0x000000000008f4e0                CCharDevice::Write(void const*, unsigned long)
                0x000000000008f5b0                CCharDevice::SetChar(unsigned int, unsigned int, char)
                0x000000000008f600                CCharDevice::SetCursor()
 *fill*         0x000000000008f624        0xc 
 .text          0x000000000008f630      0x790 ../MiniDexed/circle-stdlib/libs/circle/addon/display/libdisplay.a(ssd1306device.o)
                0x000000000008f630                CSSD1306Device::DevSetCursorMode(bool)
                0x000000000008f640                CSSD1306Device::DevSetCursor(unsigned int, unsigned int)
                0x000000000008f650                CSSD1306Device::~CSSD1306Device()
                0x000000000008f650                CSSD1306Device::~CSSD1306Device()
                0x000000000008f660                CSSD1306Device::~CSSD1306Device()
                0x000000000008f6a0                CSSD1306Device::DevUpdateDisplay()
                0x000000000008f710                CSSD1306Device::CSSD1306Device(unsigned int, unsigned int, CI2CMaster*, unsigned char, bool, bool)
                0x000000000008f710                CSSD1306Device::CSSD1306Device(unsigned int, unsigned int, CI2CMaster*, unsigned char, bool, bool)
                0x000000000008f7b0                CSSD1306Device::Initialize()
                0x000000000008f930                CSSD1306Device::WriteCommand(unsigned char) const
                0x000000000008f970                CSSD1306Device::WriteFrameBuffer(bool) const
                0x000000000008fa10                CSSD1306Device::DevClearCursor()
                0x000000000008fa60                CSSD1306Device::SwapFrameBuffers()
                0x000000000008fa80                CSSD1306Device::DrawChar(char, unsigned char, unsigned char, bool, bool)
                0x000000000008fbb0                CSSD1306Device::DevSetChar(unsigned int, unsigned int, char)
                0x000000000008fbd0                CSSD1306Device::Flip()
                0x000000000008fc10                CSSD1306Device::Print(char const*, unsigned char, unsigned char, bool, bool)
                0x000000000008fd20                CSSD1306Device::Clear(bool)
                0x000000000008fd80                CSSD1306Device::SetBacklightState(bool)
 .text          0x000000000008fdc0      0x2f4 ../MiniDexed/circle-stdlib/libs/circle/addon/display/libdisplay.a(st7789device.o)
                0x000000000008fdc0                CST7789Device::DevSetCursorMode(bool)
                0x000000000008fdd0                CST7789Device::DevSetCursor(unsigned int, unsigned int)
                0x000000000008fde0                CST7789Device::DevUpdateDisplay()
                0x000000000008fdf0                CST7789Device::~CST7789Device()
                0x000000000008fdf0                CST7789Device::~CST7789Device()
                0x000000000008fe00                CST7789Device::~CST7789Device()
                0x000000000008fe40                CST7789Device::DevClearCursor()
                0x000000000008fe50                CST7789Device::DevSetChar(unsigned int, unsigned int, char)
                0x000000000008fed0                CST7789Device::CST7789Device(CSPIMaster*, CST7789Display*, unsigned int, unsigned int, TFont const&, bool, bool, bool)
                0x000000000008fed0                CST7789Device::CST7789Device(CSPIMaster*, CST7789Display*, unsigned int, unsigned int, TFont const&, bool, bool, bool)
                0x000000000008ff50                CST7789Device::Initialize()
 *fill*         0x00000000000900b4        0xc 
 .text          0x00000000000900c0      0x74c ../MiniDexed/circle-stdlib/libs/circle/addon/sensor/libsensor.a(ky040.o)
                0x00000000000900c0                CKY040::EncoderInterruptHandler(void*)
                0x00000000000901c0                CKY040::SwitchInterruptHandler(void*)
                0x0000000000090230                CKY040::Initialize()
                0x0000000000090330                CKY040::RegisterEventHandler(void (*)(CKY040::TEvent, void*), void*)
                0x0000000000090390                CKY040::GetHoldSeconds() const
                0x00000000000903a0                CKY040::HandleSwitchEvent(CKY040::TSwitchEvent)
                0x0000000000090460                CKY040::Update()
                0x0000000000090560                CKY040::SwitchDebounceHandler(unsigned long, void*, void*)
                0x0000000000090610                CKY040::SwitchTickHandler(unsigned long, void*, void*)
                0x0000000000090670                CKY040::CKY040(unsigned int, unsigned int, unsigned int, CGPIOManager*)
                0x0000000000090670                CKY040::CKY040(unsigned int, unsigned int, unsigned int, CGPIOManager*)
                0x0000000000090740                CKY040::~CKY040()
                0x0000000000090740                CKY040::~CKY040()
 *fill*         0x000000000009080c        0x4 
 .text          0x0000000000090810      0xf40 ../MiniDexed/circle-stdlib/libs/circle/addon/Properties/libproperties.a(properties.o)
                0x00000000000908a0                CProperties::CProperties()
                0x00000000000908a0                CProperties::CProperties()
                0x00000000000908f0                CProperties::IsSet(char const*) const
                0x0000000000090920                CProperties::GetString(char const*, char const*) const
                0x0000000000090960                CProperties::GetNumber(char const*, unsigned int) const
                0x00000000000909f0                CProperties::GetSignedNumber(char const*, int) const
                0x0000000000090a90                CProperties::GetIPAddress(char const*)
                0x0000000000090b90                CProperties::GetFirst()
                0x0000000000090c20                CProperties::GetSectionName() const
                0x0000000000090c30                CProperties::GetName() const
                0x0000000000090d10                CProperties::GetValue() const
                0x0000000000090df0                CProperties::LookupSection(char const*) const
                0x0000000000090ea0                CProperties::SelectSection(char const*)
                0x0000000000090ee0                CProperties::GetNext()
                0x0000000000091000                CProperties::Lookup(char const*) const
                0x0000000000091020                CProperties::Dump(char const*) const
                0x0000000000091170                CProperties::RemoveAll()
                0x00000000000912a0                CProperties::~CProperties()
                0x00000000000912a0                CProperties::~CProperties()
                0x00000000000912d0                CProperties::AddProperty(char const*, char const*)
                0x0000000000091470                CProperties::SetString(char const*, char const*)
                0x0000000000091520                CProperties::SetNumber(char const*, unsigned int, unsigned int)
                0x00000000000915f0                CProperties::SetSignedNumber(char const*, int)
                0x0000000000091690                CProperties::SetIPAddress(char const*, unsigned char const*)
 .text          0x0000000000091750      0x480 ../MiniDexed/circle-stdlib/libs/circle/addon/Properties/libproperties.a(propertiesfatfsfile.o)
                0x0000000000091750                CPropertiesFatFsFile::Load()
                0x00000000000918c0                CPropertiesFatFsFile::CPropertiesFatFsFile(char const*, FATFS*)
                0x00000000000918c0                CPropertiesFatFsFile::CPropertiesFatFsFile(char const*, FATFS*)
                0x0000000000091920                CPropertiesFatFsFile::~CPropertiesFatFsFile()
                0x0000000000091920                CPropertiesFatFsFile::~CPropertiesFatFsFile()
                0x0000000000091960                CPropertiesFatFsFile::Save()
                0x0000000000091b90                CPropertiesFatFsFile::~CPropertiesFatFsFile()
 .text          0x0000000000091bd0      0x608 ../MiniDexed/circle-stdlib/libs/circle/addon/Properties/libproperties.a(propertiesbasefile.o)
                0x0000000000091bd0                CPropertiesBaseFile::CPropertiesBaseFile()
                0x0000000000091bd0                CPropertiesBaseFile::CPropertiesBaseFile()
                0x0000000000091c20                CPropertiesBaseFile::~CPropertiesBaseFile()
                0x0000000000091c20                CPropertiesBaseFile::~CPropertiesBaseFile()
                0x0000000000091c30                CPropertiesBaseFile::~CPropertiesBaseFile()
                0x0000000000091c70                CPropertiesBaseFile::GetErrorLine() const
                0x0000000000091c80                CPropertiesBaseFile::ResetErrorLine()
                0x0000000000091c90                CPropertiesBaseFile::Parse(char)
                0x0000000000092190                CPropertiesBaseFile::IsValidNameChar(char)
 *fill*         0x00000000000921d8        0x8 
 .text          0x00000000000921e0     0x1488 ../MiniDexed/circle-stdlib/libs/circle/addon/SDCard/libsdcard.a(emmc.o)
                0x00000000000921e0                CEMMCDevice::Seek(unsigned long)
                0x00000000000921f0                CEMMCDevice::GetSize() const
                0x0000000000092200                CEMMCDevice::GetCSDField(unsigned int, unsigned int) const
                0x0000000000092260                CEMMCDevice::usDelay(unsigned int)
                0x0000000000092290                CEMMCDevice::LogWrite(TLogSeverity, char const*, ...)
                0x0000000000092340                CEMMCDevice::IssueCommandInt(unsigned int, unsigned int, int)
                0x0000000000092500                CEMMCDevice::IssueCommand(unsigned int, unsigned int, int)
                0x0000000000092630                CEMMCDevice::DoDataCommand(int, unsigned char*, unsigned long, unsigned int)
                0x00000000000927c0                CEMMCDevice::CardReset()
                0x0000000000092f30                CEMMCDevice::CardInit()
                0x0000000000092f90                CEMMCDevice::EnsureDataMode()
                0x0000000000093120                CEMMCDevice::DoRead(unsigned char*, unsigned long, unsigned int)
                0x0000000000093180                CEMMCDevice::DoWrite(unsigned char*, unsigned long, unsigned int)
                0x00000000000931e0                CEMMCDevice::Read(void*, unsigned long)
                0x00000000000932c0                CEMMCDevice::Write(void const*, unsigned long)
                0x00000000000933a0                CEMMCDevice::GetID()
                0x00000000000933b0                CEMMCDevice::CEMMCDevice(CInterruptSystem*, CTimer*, CActLED*)
                0x00000000000933b0                CEMMCDevice::CEMMCDevice(CInterruptSystem*, CTimer*, CActLED*)
                0x00000000000934a0                CEMMCDevice::~CEMMCDevice()
                0x00000000000934a0                CEMMCDevice::~CEMMCDevice()
                0x0000000000093520                CEMMCDevice::~CEMMCDevice()
                0x0000000000093550                CEMMCDevice::Initialize()
 *fill*         0x0000000000093668        0x8 
 .text          0x0000000000093670      0x424 ../MiniDexed/circle-stdlib/libs/circle/addon/SDCard/libsdcard.a(mmchost.o)
                0x0000000000093670                CMMCHost::CMMCHost()
                0x0000000000093670                CMMCHost::CMMCHost()
                0x00000000000936a0                CMMCHost::~CMMCHost()
                0x00000000000936a0                CMMCHost::~CMMCHost()
                0x00000000000936b0                CMMCHost::~CMMCHost()
                0x00000000000936c0                CMMCHost::SetClock(unsigned int)
                0x00000000000936e0                CMMCHost::SetBusWidth(unsigned int)
                0x0000000000093730                CMMCHost::RequestSync(mmc_request*)
                0x0000000000093790                CMMCHost::PrepareRequest(mmc_request*)
                0x0000000000093840                CMMCHost::Command(mmc_command*, unsigned int)
                0x0000000000093960                mmc_request_done(mmc_host*, mmc_request*)
                0x00000000000939a0                CMMCHost::sg_miter_start(sg_mapping_iter*, void*, unsigned int, unsigned int)
                0x0000000000093a10                CMMCHost::sg_miter_next(sg_mapping_iter*)
                0x0000000000093a90                CMMCHost::sg_miter_stop(sg_mapping_iter*)
 *fill*         0x0000000000093a94        0xc 
 .text          0x0000000000093aa0     0x27e0 ../MiniDexed/circle-stdlib/libs/circle/addon/SDCard/libsdcard.a(sdhost.o)
                0x0000000000093b40                CSDHOSTDevice::~CSDHOSTDevice()
                0x0000000000093b40                CSDHOSTDevice::~CSDHOSTDevice()
                0x0000000000093bf0                CSDHOSTDevice::~CSDHOSTDevice()
                0x0000000000093c20                CSDHOSTDevice::CSDHOSTDevice(CInterruptSystem*, CTimer*)
                0x0000000000093c20                CSDHOSTDevice::CSDHOSTDevice(CInterruptSystem*, CTimer*)
                0x0000000000093e00                CSDHOSTDevice::set_sdhost_clock(unsigned int*)
                0x0000000000093e90                CSDHOSTDevice::dumpcmd(mmc_command*, char const*)
                0x0000000000093ea0                CSDHOSTDevice::dumpregs()
                0x0000000000094190                CSDHOSTDevice::set_power(bool)
                0x00000000000941b0                CSDHOSTDevice::reset_internal()
                0x00000000000942b0                CSDHOSTDevice::Reset()
                0x00000000000942f0                CSDHOSTDevice::reset(mmc_host*)
                0x0000000000094330                CSDHOSTDevice::wait_transfer_complete()
                0x0000000000094430                CSDHOSTDevice::read_block_pio()
                0x0000000000094680                CSDHOSTDevice::write_block_pio()
                0x00000000000948d0                CSDHOSTDevice::transfer_pio()
                0x0000000000094a00                CSDHOSTDevice::set_transfer_irqs()
                0x0000000000094a30                CSDHOSTDevice::prepare_data(mmc_command*)
                0x0000000000094ba0                CSDHOSTDevice::set_clock(unsigned int)
                0x0000000000094e50                CSDHOSTDevice::set_ios(mmc_host*, mmc_ios*)
                0x0000000000094f50                CSDHOSTDevice::SetIOS(mmc_ios*)
                0x0000000000094f80                CSDHOSTDevice::init(int)
                0x0000000000094fe0                CSDHOSTDevice::tasklet_finish()
                0x0000000000095140                CSDHOSTDevice::send_command(mmc_command*)
                0x00000000000953a0                CSDHOSTDevice::finish_command()
                0x00000000000957b0                CSDHOSTDevice::transfer_complete()
                0x00000000000958b0                CSDHOSTDevice::finish_data()
                0x0000000000095950                CSDHOSTDevice::data_irq(unsigned int)
                0x0000000000095a30                CSDHOSTDevice::block_irq(unsigned int)
                0x0000000000095b20                CSDHOSTDevice::busy_irq(unsigned int)
                0x0000000000095c70                CSDHOSTDevice::irq_handler()
                0x0000000000095d20                CSDHOSTDevice::irq_stub(void*)
                0x0000000000095d50                CSDHOSTDevice::request(mmc_host*, mmc_request*)
                0x0000000000095fd0                CSDHOSTDevice::Request(mmc_request*)
                0x0000000000096000                CSDHOSTDevice::add_host()
                0x0000000000096100                CSDHOSTDevice::probe()
                0x0000000000096230                CSDHOSTDevice::Initialize()
                0x0000000000096250                CSDHOSTDevice::remove()
 .text          0x0000000000096280      0x66c ../MiniDexed/circle-stdlib/libs/circle/lib/usb/libusb.a(usbhostcontroller.o)
                0x0000000000096280                CUSBHostController::UpdatePlugAndPlay()
                0x00000000000963b0                CUSBHostController::CUSBHostController(bool)
                0x00000000000963b0                CUSBHostController::CUSBHostController(bool)
                0x0000000000096420                CUSBHostController::~CUSBHostController()
                0x0000000000096420                CUSBHostController::~CUSBHostController()
                0x0000000000096460                CUSBHostController::~CUSBHostController()
                0x00000000000964b0                CUSBHostController::ControlMessage(CUSBEndpoint*, unsigned char, unsigned char, unsigned short, unsigned short, void*, unsigned short)
                0x00000000000965e0                CUSBHostController::GetDescriptor(CUSBEndpoint*, unsigned char, unsigned char, void*, unsigned int, unsigned char, unsigned short)
                0x0000000000096610                CUSBHostController::SetAddress(CUSBEndpoint*, unsigned char)
                0x0000000000096660                CUSBHostController::SetConfiguration(CUSBEndpoint*, unsigned char)
                0x00000000000966b0                CUSBHostController::Transfer(CUSBEndpoint*, void*, unsigned int, unsigned int)
                0x0000000000096730                CUSBHostController::IsPlugAndPlay() const
                0x0000000000096740                CUSBHostController::PortStatusChanged(CUSBHCIRootPort*)
                0x0000000000096800                CUSBHostController::PortStatusChanged(CUSBStandardHub*)
                0x00000000000968c0                CUSBHostController::Get()
 *fill*         0x00000000000968ec        0x4 
 .text._ZN18CUSBHostController24CancelDeviceTransactionsEP10CUSBDevice
                0x00000000000968f0        0x4 ../MiniDexed/circle-stdlib/libs/circle/lib/usb/libusb.a(usbhostcontroller.o)
                0x00000000000968f0                CUSBHostController::CancelDeviceTransactions(CUSBDevice*)
 *fill*         0x00000000000968f4        0xc 
 .text          0x0000000000096900      0x7f8 ../MiniDexed/circle-stdlib/libs/circle/lib/usb/libusb.a(usbmidi.o)
                0x0000000000096900                CUSBMIDIDevice::~CUSBMIDIDevice()
                0x0000000000096900                CUSBMIDIDevice::~CUSBMIDIDevice()
                0x0000000000096990                CUSBMIDIDevice::~CUSBMIDIDevice()
                0x00000000000969f0                CUSBMIDIDevice::CUSBMIDIDevice()
                0x00000000000969f0                CUSBMIDIDevice::CUSBMIDIDevice()
                0x0000000000096a80                CUSBMIDIDevice::RegisterPacketHandler(void (*)(unsigned int, unsigned char*, unsigned int))
                0x0000000000096ae0                CUSBMIDIDevice::RegisterPacketHandler(void (*)(unsigned int, unsigned char*, unsigned int, unsigned int, void*), void*)
                0x0000000000096b40                CUSBMIDIDevice::SendEventPackets(unsigned char const*, unsigned int)
                0x0000000000096b70                CUSBMIDIDevice::SendPlainMIDI(unsigned int, unsigned char const*, unsigned int)
                0x0000000000096f90                CUSBMIDIDevice::SetAllSoundOffOnUSBError(bool)
                0x0000000000096fa0                CUSBMIDIDevice::CallPacketHandler(unsigned char*, unsigned int)
                0x0000000000097090                CUSBMIDIDevice::RegisterSendEventsHandler(bool (*)(unsigned char const*, unsigned int, void*), void*)
                0x00000000000970f0                CUSBMIDIDevice::GetAllSoundOffOnUSBError() const
 *fill*         0x00000000000970f8        0x8 
 .text.startup  0x0000000000097100       0x44 ../MiniDexed/circle-stdlib/libs/circle/lib/usb/libusb.a(usbmidi.o)
 *fill*         0x0000000000097144        0xc 
 .text          0x0000000000097150      0x534 ../MiniDexed/circle-stdlib/libs/circle/lib/usb/libusb.a(usbrequest.o)
                0x0000000000097150                CUSBRequest::CUSBRequest(CUSBEndpoint*, void*, unsigned int, TSetupData*)
                0x0000000000097150                CUSBRequest::CUSBRequest(CUSBEndpoint*, void*, unsigned int, TSetupData*)
                0x00000000000971c0                CUSBRequest::~CUSBRequest()
                0x00000000000971c0                CUSBRequest::~CUSBRequest()
                0x00000000000971d0                CUSBRequest::GetEndpoint() const
                0x0000000000097200                CUSBRequest::SetStatus(int)
                0x0000000000097210                CUSBRequest::SetResultLen(unsigned int)
                0x0000000000097220                CUSBRequest::SetUSBError(TUSBError)
                0x0000000000097230                CUSBRequest::GetStatus() const
                0x0000000000097240                CUSBRequest::GetResultLength() const
                0x0000000000097270                CUSBRequest::GetUSBError() const
                0x00000000000972a0                CUSBRequest::GetSetupData()
                0x0000000000097300                CUSBRequest::GetBuffer()
                0x0000000000097340                CUSBRequest::GetBufLen() const
                0x0000000000097350                CUSBRequest::AddIsoPacket(unsigned short)
                0x00000000000973d0                CUSBRequest::GetNumIsoPackets() const
                0x0000000000097400                CUSBRequest::GetIsoPacketSize(unsigned int) const
                0x0000000000097440                CUSBRequest::SetCompletionRoutine(void (*)(CUSBRequest*, void*, void*), void*, void*)
                0x0000000000097470                CUSBRequest::CallCompletionRoutine()
                0x00000000000974a0                CUSBRequest::SetCompleteOnNAK()
                0x00000000000974b0                CUSBRequest::IsCompleteOnNAK() const
                0x00000000000974c0                CUSBRequest::operator new(unsigned long)
                0x0000000000097510                CUSBRequest::operator delete(void*, unsigned long)
                0x0000000000097570                CUSBRequest::InitAllocator(unsigned int)
                0x00000000000975f0                CUSBRequest::InitProtectedAllocator(unsigned int, unsigned int)
 *fill*         0x0000000000097684        0xc 
 .text          0x0000000000097690     0x11d8 ../MiniDexed/circle-stdlib/libs/circle/lib/usb/libusb.a(usbstandardhub.o)
                0x0000000000097690                CUSBStandardHub::~CUSBStandardHub()
                0x0000000000097690                CUSBStandardHub::~CUSBStandardHub()
                0x0000000000097790                CUSBStandardHub::~CUSBStandardHub()
                0x00000000000977c0                CUSBStandardHub::CUSBStandardHub(CUSBFunction*)
                0x00000000000977c0                CUSBStandardHub::CUSBStandardHub(CUSBFunction*)
                0x0000000000097810                CUSBStandardHub::DisablePort(unsigned int)
                0x00000000000978e0                CUSBStandardHub::RemoveDeviceAt(unsigned int)
                0x0000000000097940                CUSBStandardHub::StartStatusChangeRequest()
                0x0000000000097a30                CUSBStandardHub::CompletionRoutine(CUSBRequest*)
                0x0000000000097b00                CUSBStandardHub::CompletionStub(CUSBRequest*, void*, void*)
                0x0000000000097b30                CUSBStandardHub::Initialize()
                0x0000000000097c60                CUSBStandardHub::EnumeratePorts()
                0x0000000000098310                CUSBStandardHub::ReScanDevices()
                0x0000000000098320                CUSBStandardHub::Configure()
                0x00000000000984d0                CUSBStandardHub::HandlePortStatusChange()
 *fill*         0x0000000000098868        0x8 
 .text.startup  0x0000000000098870       0x44 ../MiniDexed/circle-stdlib/libs/circle/lib/usb/libusb.a(usbstandardhub.o)
 *fill*         0x00000000000988b4        0xc 
 .text          0x00000000000988c0     0x3280 ../MiniDexed/circle-stdlib/libs/circle/lib/usb/libusb.a(dwhcidevice.o)
                0x00000000000988c0                CDWHCIDevice::CancelDeviceTransactions(CUSBDevice*)
                0x00000000000988d0                CDWHCIDevice::CompletionRoutine(CUSBRequest*, void*, void*)
                0x0000000000098920                CDWHCIDevice::DeviceConnected()
                0x0000000000098980                CDWHCIDevice::GetPortSpeed()
                0x00000000000989f0                CDWHCIDevice::OvercurrentDetected()
                0x0000000000098a50                CDWHCIDevice::DisableRootPort(bool)
                0x0000000000098ae0                CDWHCIDevice::PowerOn()
                0x0000000000098b60                CDWHCIDevice::Reset()
                0x0000000000098c60                CDWHCIDevice::InitCore()
                0x0000000000098f30                CDWHCIDevice::EnableGlobalInterrupts()
                0x0000000000098f90                CDWHCIDevice::EnableCommonInterrupts()
                0x0000000000098ff0                CDWHCIDevice::EnableHostInterrupts()
                0x00000000000990c0                CDWHCIDevice::EnableChannelInterrupt(unsigned int)
                0x0000000000099140                CDWHCIDevice::DisableChannelInterrupt(unsigned int)
                0x00000000000991c0                CDWHCIDevice::FlushTxFIFO(unsigned int)
                0x00000000000992a0                CDWHCIDevice::FlushRxFIFO()
                0x0000000000099360                CDWHCIDevice::InitHost()
                0x00000000000995e0                CDWHCIDevice::QueueTransaction(CDWHCITransferStageData*)
                0x00000000000996b0                CDWHCIDevice::TransferStageAsync(CUSBRequest*, bool, bool, unsigned int)
                0x00000000000997a0                CDWHCIDevice::SubmitAsyncRequest(CUSBRequest*, unsigned int)
                0x0000000000099870                CDWHCIDevice::QueueDelayedTransaction(CDWHCITransferStageData*)
                0x0000000000099a20                CDWHCIDevice::StartChannel(CDWHCITransferStageData*)
                0x0000000000099ea0                CDWHCIDevice::StartTransaction(CDWHCITransferStageData*)
                0x0000000000099ff0                CDWHCIDevice::SOFInterruptHandler()
                0x000000000009a160                CDWHCIDevice::AllocateChannel()
                0x000000000009a210                CDWHCIDevice::FreeChannel(unsigned int)
                0x000000000009a2a0                CDWHCIDevice::ChannelInterruptHandler(unsigned int)
                0x000000000009a920                CDWHCIDevice::InterruptHandler()
                0x000000000009ab20                CDWHCIDevice::InterruptStub(void*)
                0x000000000009ab50                CDWHCIDevice::AllocateWaitBlock()
                0x000000000009abe0                CDWHCIDevice::FreeWaitBlock(unsigned int)
                0x000000000009ac70                CDWHCIDevice::TransferStage(CUSBRequest*, bool, bool, unsigned int)
                0x000000000009ae00                CDWHCIDevice::SubmitBlockingRequest(CUSBRequest*, unsigned int)
                0x000000000009b030                CDWHCIDevice::WaitForBit(CDWHCIRegister*, unsigned int, bool, unsigned int)
                0x000000000009b120                CDWHCIDevice::EnableRootPort()
                0x000000000009b280                CDWHCIDevice::LogTransactionFailed(unsigned int)
                0x000000000009b2e0                CDWHCIDevice::DumpRegister(char const*, unsigned int)
                0x000000000009b360                CDWHCIDevice::DumpStatus(unsigned int)
                0x000000000009b530                CDWHCIDevice::CDWHCIDevice(CInterruptSystem*, CTimer*, bool)
                0x000000000009b530                CDWHCIDevice::CDWHCIDevice(CInterruptSystem*, CTimer*, bool)
                0x000000000009b6c0                CDWHCIDevice::~CDWHCIDevice()
                0x000000000009b6c0                CDWHCIDevice::~CDWHCIDevice()
                0x000000000009b7b0                CDWHCIDevice::~CDWHCIDevice()
                0x000000000009b7e0                CDWHCIDevice::ReScanDevices()
                0x000000000009b890                CDWHCIDevice::Initialize(bool)
 .text          0x000000000009bb40      0x500 ../MiniDexed/circle-stdlib/libs/circle/lib/usb/libusb.a(dwhciframeschednper.o)
                0x000000000009bb40                CDWHCIFrameSchedulerNonPeriodic::~CDWHCIFrameSchedulerNonPeriodic()
                0x000000000009bb40                CDWHCIFrameSchedulerNonPeriodic::~CDWHCIFrameSchedulerNonPeriodic()
                0x000000000009bb50                CDWHCIFrameSchedulerNonPeriodic::StartSplit()
                0x000000000009bb70                CDWHCIFrameSchedulerNonPeriodic::IsOddFrame() const
                0x000000000009bb80                CDWHCIFrameSchedulerNonPeriodic::PeriodicDelay(unsigned short)
                0x000000000009bba0                CDWHCIFrameSchedulerNonPeriodic::TransactionComplete(unsigned int)
                0x000000000009bcb0                CDWHCIFrameSchedulerNonPeriodic::GetFrameNumber()
                0x000000000009bd50                CDWHCIFrameSchedulerNonPeriodic::CompleteSplit()
                0x000000000009bdd0                CDWHCIFrameSchedulerNonPeriodic::~CDWHCIFrameSchedulerNonPeriodic()
                0x000000000009be10                CDWHCIFrameSchedulerNonPeriodic::CDWHCIFrameSchedulerNonPeriodic()
                0x000000000009be10                CDWHCIFrameSchedulerNonPeriodic::CDWHCIFrameSchedulerNonPeriodic()
                0x000000000009be70                CDWHCIFrameSchedulerNonPeriodic::operator new(unsigned long)
                0x000000000009bed0                CDWHCIFrameSchedulerNonPeriodic::operator delete(void*, unsigned long)
                0x000000000009bf30                CDWHCIFrameSchedulerNonPeriodic::InitAllocator(unsigned int)
                0x000000000009bfb0                CDWHCIFrameSchedulerNonPeriodic::InitProtectedAllocator(unsigned int, unsigned int)
 .text          0x000000000009c040      0x390 ../MiniDexed/circle-stdlib/libs/circle/lib/usb/libusb.a(dwhciframeschednsplit.o)
                0x000000000009c040                CDWHCIFrameSchedulerNoSplit::~CDWHCIFrameSchedulerNoSplit()
                0x000000000009c040                CDWHCIFrameSchedulerNoSplit::~CDWHCIFrameSchedulerNoSplit()
                0x000000000009c050                CDWHCIFrameSchedulerNoSplit::StartSplit()
                0x000000000009c070                CDWHCIFrameSchedulerNoSplit::CompleteSplit()
                0x000000000009c090                CDWHCIFrameSchedulerNoSplit::TransactionComplete(unsigned int)
                0x000000000009c0b0                CDWHCIFrameSchedulerNoSplit::PeriodicDelay(unsigned short)
                0x000000000009c0d0                CDWHCIFrameSchedulerNoSplit::GetFrameNumber()
                0x000000000009c140                CDWHCIFrameSchedulerNoSplit::IsOddFrame() const
                0x000000000009c1a0                CDWHCIFrameSchedulerNoSplit::~CDWHCIFrameSchedulerNoSplit()
                0x000000000009c1e0                CDWHCIFrameSchedulerNoSplit::CDWHCIFrameSchedulerNoSplit(bool)
                0x000000000009c1e0                CDWHCIFrameSchedulerNoSplit::CDWHCIFrameSchedulerNoSplit(bool)
                0x000000000009c200                CDWHCIFrameSchedulerNoSplit::operator new(unsigned long)
                0x000000000009c260                CDWHCIFrameSchedulerNoSplit::operator delete(void*, unsigned long)
                0x000000000009c2c0                CDWHCIFrameSchedulerNoSplit::InitAllocator(unsigned int)
                0x000000000009c340                CDWHCIFrameSchedulerNoSplit::InitProtectedAllocator(unsigned int, unsigned int)
 .text          0x000000000009c3d0      0x5a0 ../MiniDexed/circle-stdlib/libs/circle/lib/usb/libusb.a(dwhciframeschedper.o)
                0x000000000009c3d0                CDWHCIFrameSchedulerPeriodic::~CDWHCIFrameSchedulerPeriodic()
                0x000000000009c3d0                CDWHCIFrameSchedulerPeriodic::~CDWHCIFrameSchedulerPeriodic()
                0x000000000009c3e0                CDWHCIFrameSchedulerPeriodic::StartSplit()
                0x000000000009c400                CDWHCIFrameSchedulerPeriodic::PeriodicDelay(unsigned short)
                0x000000000009c420                CDWHCIFrameSchedulerPeriodic::TransactionComplete(unsigned int)
                0x000000000009c530                CDWHCIFrameSchedulerPeriodic::GetFrameNumber()
                0x000000000009c5f0                CDWHCIFrameSchedulerPeriodic::IsOddFrame() const
                0x000000000009c650                CDWHCIFrameSchedulerPeriodic::CompleteSplit()
                0x000000000009c700                CDWHCIFrameSchedulerPeriodic::~CDWHCIFrameSchedulerPeriodic()
                0x000000000009c740                CDWHCIFrameSchedulerPeriodic::CDWHCIFrameSchedulerPeriodic()
                0x000000000009c740                CDWHCIFrameSchedulerPeriodic::CDWHCIFrameSchedulerPeriodic()
                0x000000000009c7a0                CDWHCIFrameSchedulerPeriodic::operator new(unsigned long)
                0x000000000009c800                CDWHCIFrameSchedulerPeriodic::operator delete(void*, unsigned long)
                0x000000000009c860                CDWHCIFrameSchedulerPeriodic::InitAllocator(unsigned int)
                0x000000000009c8e0                CDWHCIFrameSchedulerPeriodic::InitProtectedAllocator(unsigned int, unsigned int)
 .text          0x000000000009c970      0x3a8 ../MiniDexed/circle-stdlib/libs/circle/lib/usb/libusb.a(dwhcirootport.o)
                0x000000000009c970                CDWHCIRootPort::~CDWHCIRootPort()
                0x000000000009c970                CDWHCIRootPort::~CDWHCIRootPort()
                0x000000000009c9a0                CDWHCIRootPort::RemoveDevice()
                0x000000000009ca00                CDWHCIRootPort::ReScanDevices()
                0x000000000009ca40                CDWHCIRootPort::HandlePortStatusChange()
                0x000000000009cac0                CDWHCIRootPort::~CDWHCIRootPort()
                0x000000000009cb10                CDWHCIRootPort::CDWHCIRootPort(CDWHCIDevice*)
                0x000000000009cb10                CDWHCIRootPort::CDWHCIRootPort(CDWHCIDevice*)
                0x000000000009cb50                CDWHCIRootPort::Initialize()
 *fill*         0x000000000009cd18        0x8 
 .text          0x000000000009cd20      0x848 ../MiniDexed/circle-stdlib/libs/circle/lib/usb/libusb.a(dwhcixactqueue.o)
                0x000000000009cd20                TQueueEntry::operator new(unsigned long)
                0x000000000009cd70                TQueueEntry::operator delete(void*, unsigned long)
                0x000000000009cdd0                TQueueEntry::InitAllocator(unsigned int)
                0x000000000009ce50                TQueueEntry::InitProtectedAllocator(unsigned int, unsigned int)
                0x000000000009cef0                CDWHCITransactionQueue::CDWHCITransactionQueue(unsigned int, unsigned int)
                0x000000000009cef0                CDWHCITransactionQueue::CDWHCITransactionQueue(unsigned int, unsigned int)
                0x000000000009cf60                CDWHCITransactionQueue::Flush()
                0x000000000009d0a0                CDWHCITransactionQueue::~CDWHCITransactionQueue()
                0x000000000009d0a0                CDWHCITransactionQueue::~CDWHCITransactionQueue()
                0x000000000009d0d0                CDWHCITransactionQueue::FlushDevice(CUSBDevice*)
                0x000000000009d280                CDWHCITransactionQueue::Enqueue(CDWHCITransferStageData*, unsigned short)
                0x000000000009d420                CDWHCITransactionQueue::Dequeue(unsigned short)
 *fill*         0x000000000009d568        0x8 
 .text          0x000000000009d570      0xef4 ../MiniDexed/circle-stdlib/libs/circle/lib/usb/libusb.a(dwhcixferstagedata.o)
                0x000000000009d570                CDWHCITransferStageData::CDWHCITransferStageData(unsigned int, CUSBRequest*, bool, bool, unsigned int)
                0x000000000009d570                CDWHCITransferStageData::CDWHCITransferStageData(unsigned int, CUSBRequest*, bool, bool, unsigned int)
                0x000000000009d9e0                CDWHCITransferStageData::~CDWHCITransferStageData()
                0x000000000009d9e0                CDWHCITransferStageData::~CDWHCITransferStageData()
                0x000000000009da00                CDWHCITransferStageData::SetChannelNumber(unsigned int)
                0x000000000009da10                CDWHCITransferStageData::TransactionComplete(unsigned int, unsigned int, unsigned int)
                0x000000000009dcc0                CDWHCITransferStageData::SetSplitComplete(bool)
                0x000000000009dcf0                CDWHCITransferStageData::SetState(unsigned int)
                0x000000000009dd00                CDWHCITransferStageData::GetState() const
                0x000000000009dd10                CDWHCITransferStageData::SetSubState(unsigned int)
                0x000000000009dd20                CDWHCITransferStageData::GetSubState() const
                0x000000000009dd30                CDWHCITransferStageData::GetChannelNumber() const
                0x000000000009dd40                CDWHCITransferStageData::IsPeriodic() const
                0x000000000009dd80                CDWHCITransferStageData::IsIsochronous() const
                0x000000000009ddc0                CDWHCITransferStageData::GetDeviceAddress() const
                0x000000000009ddf0                CDWHCITransferStageData::GetEndpointType() const
                0x000000000009de50                CDWHCITransferStageData::GetEndpointNumber() const
                0x000000000009de80                CDWHCITransferStageData::GetMaxPacketSize() const
                0x000000000009de90                CDWHCITransferStageData::GetSpeed() const
                0x000000000009dea0                CDWHCITransferStageData::GetPID() const
                0x000000000009df00                CDWHCITransferStageData::IsDirectionIn() const
                0x000000000009df10                CDWHCITransferStageData::IsStatusStage() const
                0x000000000009df20                CDWHCITransferStageData::GetDMAAddress() const
                0x000000000009df50                CDWHCITransferStageData::GetBytesToTransfer() const
                0x000000000009df60                CDWHCITransferStageData::GetPacketsToTransfer() const
                0x000000000009df70                CDWHCITransferStageData::IsSplit() const
                0x000000000009df80                CDWHCITransferStageData::IsSplitComplete() const
                0x000000000009dfb0                CDWHCITransferStageData::GetHubAddress() const
                0x000000000009e000                CDWHCITransferStageData::GetHubPortAddress() const
                0x000000000009e050                CDWHCITransferStageData::GetSplitPosition() const
                0x000000000009e0d0                CDWHCITransferStageData::GetStatusMask() const
                0x000000000009e130                CDWHCITransferStageData::GetTransactionStatus() const
                0x000000000009e160                CDWHCITransferStageData::GetUSBError() const
                0x000000000009e1a0                CDWHCITransferStageData::IsStageComplete() const
                0x000000000009e1b0                CDWHCITransferStageData::GetResultLen() const
                0x000000000009e1d0                CDWHCITransferStageData::IsTimeout() const
                0x000000000009e220                CDWHCITransferStageData::IsRetryOK() const
                0x000000000009e230                CDWHCITransferStageData::GetURB() const
                0x000000000009e260                CDWHCITransferStageData::GetDevice() const
                0x000000000009e290                CDWHCITransferStageData::GetFrameScheduler() const
                0x000000000009e2a0                CDWHCITransferStageData::operator new(unsigned long)
                0x000000000009e2f0                CDWHCITransferStageData::operator delete(void*, unsigned long)
                0x000000000009e350                CDWHCITransferStageData::InitAllocator(unsigned int)
                0x000000000009e3d0                CDWHCITransferStageData::InitProtectedAllocator(unsigned int, unsigned int)
 *fill*         0x000000000009e464        0xc 
 .text          0x000000000009e470      0x650 ../MiniDexed/circle-stdlib/libs/circle/lib/usb/libusb.a(dwhciframeschediso.o)
                0x000000000009e470                CDWHCIFrameSchedulerIsochronous::~CDWHCIFrameSchedulerIsochronous()
                0x000000000009e470                CDWHCIFrameSchedulerIsochronous::~CDWHCIFrameSchedulerIsochronous()
                0x000000000009e480                CDWHCIFrameSchedulerIsochronous::CompleteSplit()
                0x000000000009e560                CDWHCIFrameSchedulerIsochronous::TransactionComplete(unsigned int)
                0x000000000009e640                CDWHCIFrameSchedulerIsochronous::GetFrameNumber()
                0x000000000009e6f0                CDWHCIFrameSchedulerIsochronous::IsOddFrame() const
                0x000000000009e750                CDWHCIFrameSchedulerIsochronous::StartSplit()
                0x000000000009e830                CDWHCIFrameSchedulerIsochronous::PeriodicDelay(unsigned short)
                0x000000000009e880                CDWHCIFrameSchedulerIsochronous::~CDWHCIFrameSchedulerIsochronous()
                0x000000000009e8c0                CDWHCIFrameSchedulerIsochronous::CDWHCIFrameSchedulerIsochronous(bool)
                0x000000000009e8c0                CDWHCIFrameSchedulerIsochronous::CDWHCIFrameSchedulerIsochronous(bool)
                0x000000000009e8f0                CDWHCIFrameSchedulerIsochronous::operator new(unsigned long)
                0x000000000009e950                CDWHCIFrameSchedulerIsochronous::operator delete(void*, unsigned long)
                0x000000000009e9b0                CDWHCIFrameSchedulerIsochronous::InitAllocator(unsigned int)
                0x000000000009ea30                CDWHCIFrameSchedulerIsochronous::InitProtectedAllocator(unsigned int, unsigned int)
 .text          0x000000000009eac0     0x140c ../MiniDexed/circle-stdlib/libs/circle/lib/usb/libusb.a(usbdevice.o)
                0x000000000009eac0                CUSBDevice::Configure()
                0x000000000009eba0                CUSBDevice::CUSBDevice(CUSBHostController*, TUSBSpeed, CUSBHCIRootPort*)
                0x000000000009eba0                CUSBDevice::CUSBDevice(CUSBHostController*, TUSBSpeed, CUSBHCIRootPort*)
                0x000000000009ec60                CUSBDevice::CUSBDevice(CUSBHostController*, TUSBSpeed, CUSBStandardHub*, unsigned int)
                0x000000000009ec60                CUSBDevice::CUSBDevice(CUSBHostController*, TUSBSpeed, CUSBStandardHub*, unsigned int)
                0x000000000009edb0                CUSBDevice::ReScanDevices()
                0x000000000009ee10                CUSBDevice::RemoveDevice()
                0x000000000009ee60                CUSBDevice::GetName(TDeviceNameSelector) const
                0x000000000009efb0                CUSBDevice::GetNames() const
                0x000000000009f0f0                CUSBDevice::SetAddress(unsigned char)
                0x000000000009f120                CUSBDevice::GetAddress() const
                0x000000000009f130                CUSBDevice::GetSpeed() const
                0x000000000009f140                CUSBDevice::IsSplit() const
                0x000000000009f150                CUSBDevice::GetHubAddress() const
                0x000000000009f160                CUSBDevice::GetHubPortNumber() const
                0x000000000009f170                CUSBDevice::GetTTHubDevice() const
                0x000000000009f180                CUSBDevice::GetEndpoint0() const
                0x000000000009f1b0                CUSBDevice::GetHost() const
                0x000000000009f1e0                CUSBDevice::GetDeviceDescriptor() const
                0x000000000009f210                CUSBDevice::GetConfigurationDescriptor() const
                0x000000000009f240                CUSBDevice::GetDescriptor(unsigned char)
                0x000000000009f270                CUSBDevice::ConfigurationError(char const*) const
                0x000000000009f2a0                CUSBDevice::GetFunction(unsigned int)
                0x000000000009f2c0                CUSBDevice::LogWrite(TLogSeverity, char const*, ...)
                0x000000000009f510                CUSBDevice::~CUSBDevice()
                0x000000000009f510                CUSBDevice::~CUSBDevice()
                0x000000000009f590                CUSBDevice::~CUSBDevice()
                0x000000000009f620                CUSBDevice::Initialize()
 *fill*         0x000000000009fecc        0x4 
 .text.startup  0x000000000009fed0       0x44 ../MiniDexed/circle-stdlib/libs/circle/lib/usb/libusb.a(usbdevice.o)
 *fill*         0x000000000009ff14        0xc 
 .text          0x000000000009ff20      0xa3c ../MiniDexed/circle-stdlib/libs/circle/lib/usb/libusb.a(usbdevicefactory.o)
                0x000000000009ff20                CUSBDeviceFactory::GetGenericHIDDevice(CUSBFunction*)
                0x00000000000a0170                CUSBDeviceFactory::FindDeviceID(CString*, TUSBDeviceID const*)
                0x00000000000a0230                CUSBDeviceFactory::GetDevice(CUSBFunction*, CString*)
 *fill*         0x00000000000a095c        0x4 
 .text          0x00000000000a0960      0x450 ../MiniDexed/circle-stdlib/libs/circle/lib/usb/libusb.a(usbendpoint.o)
                0x00000000000a0960                CUSBEndpoint::CUSBEndpoint(CUSBDevice*)
                0x00000000000a0960                CUSBEndpoint::CUSBEndpoint(CUSBDevice*)
                0x00000000000a09b0                CUSBEndpoint::CUSBEndpoint(CUSBDevice*, TUSBEndpointDescriptor const*)
                0x00000000000a09b0                CUSBEndpoint::CUSBEndpoint(CUSBDevice*, TUSBEndpointDescriptor const*)
                0x00000000000a0bd0                CUSBEndpoint::~CUSBEndpoint()
                0x00000000000a0bd0                CUSBEndpoint::~CUSBEndpoint()
                0x00000000000a0be0                CUSBEndpoint::GetDevice() const
                0x00000000000a0c10                CUSBEndpoint::GetNumber() const
                0x00000000000a0c20                CUSBEndpoint::GetType() const
                0x00000000000a0c30                CUSBEndpoint::IsDirectionIn() const
                0x00000000000a0c40                CUSBEndpoint::SetMaxPacketSize(unsigned int)
                0x00000000000a0c50                CUSBEndpoint::GetMaxPacketSize() const
                0x00000000000a0c60                CUSBEndpoint::GetInterval() const
                0x00000000000a0ca0                CUSBEndpoint::GetNextPID(bool)
                0x00000000000a0ce0                CUSBEndpoint::SkipPID(unsigned int, bool)
                0x00000000000a0d80                CUSBEndpoint::ResetPID()
 .text          0x00000000000a0db0      0x778 ../MiniDexed/circle-stdlib/libs/circle/lib/usb/libusb.a(usbfunction.o)
                0x00000000000a0db0                CUSBFunction::Initialize()
                0x00000000000a0dc0                CUSBFunction::ReScanDevices()
                0x00000000000a0dd0                CUSBFunction::~CUSBFunction()
                0x00000000000a0dd0                CUSBFunction::~CUSBFunction()
                0x00000000000a0e20                CUSBFunction::RemoveDevice()
                0x00000000000a0e50                CUSBFunction::~CUSBFunction()
                0x00000000000a0eb0                CUSBFunction::Configure()
                0x00000000000a0f90                CUSBFunction::CUSBFunction(CUSBDevice*, CUSBConfigurationParser*)
                0x00000000000a0f90                CUSBFunction::CUSBFunction(CUSBDevice*, CUSBConfigurationParser*)
                0x00000000000a1070                CUSBFunction::CUSBFunction(CUSBFunction*)
                0x00000000000a1070                CUSBFunction::CUSBFunction(CUSBFunction*)
                0x00000000000a1170                CUSBFunction::GetInterfaceName() const
                0x00000000000a1210                CUSBFunction::GetNumEndpoints() const
                0x00000000000a1240                CUSBFunction::GetDevice() const
                0x00000000000a1270                CUSBFunction::GetEndpoint0() const
                0x00000000000a12a0                CUSBFunction::GetHost() const
                0x00000000000a12d0                CUSBFunction::GetDescriptor(unsigned char)
                0x00000000000a1300                CUSBFunction::ConfigurationError(char const*) const
                0x00000000000a1350                CUSBFunction::SelectInterfaceByClass(unsigned char, unsigned char, unsigned char, unsigned int)
                0x00000000000a1440                CUSBFunction::GetInterfaceNumber() const
                0x00000000000a1470                CUSBFunction::GetInterfaceClass() const
                0x00000000000a14a0                CUSBFunction::GetInterfaceSubClass() const
                0x00000000000a14d0                CUSBFunction::GetInterfaceProtocol() const
                0x00000000000a1500                CUSBFunction::GetInterfaceDescriptor() const
 *fill*         0x00000000000a1528        0x8 
 .text          0x00000000000a1530      0x5e4 ../MiniDexed/circle-stdlib/libs/circle/lib/usb/libusb.a(usbgamepadps3.o)
                0x00000000000a1530                CUSBGamePadPS3Device::~CUSBGamePadPS3Device()
                0x00000000000a1530                CUSBGamePadPS3Device::~CUSBGamePadPS3Device()
                0x00000000000a1540                CUSBGamePadPS3Device::~CUSBGamePadPS3Device()
                0x00000000000a1580                CUSBGamePadPS3Device::SetLEDMode(TGamePadLEDMode)
                0x00000000000a1620                CUSBGamePadPS3Device::SetRumbleMode(TGamePadRumbleMode)
                0x00000000000a1720                CUSBGamePadPS3Device::CUSBGamePadPS3Device(CUSBFunction*)
                0x00000000000a1720                CUSBGamePadPS3Device::CUSBGamePadPS3Device(CUSBFunction*)
                0x00000000000a17a0                CUSBGamePadPS3Device::PS3Enable()
                0x00000000000a1860                CUSBGamePadPS3Device::Configure()
                0x00000000000a19a0                CUSBGamePadPS3Device::DecodeReport(unsigned char const*)
 *fill*         0x00000000000a1b14        0xc 
 .text._ZN17CUSBGamePadDevice10SetLEDModeEjhh
                0x00000000000a1b20        0x8 ../MiniDexed/circle-stdlib/libs/circle/lib/usb/libusb.a(usbgamepadps3.o)
                0x00000000000a1b20                CUSBGamePadDevice::SetLEDMode(unsigned int, unsigned char, unsigned char)
 *fill*         0x00000000000a1b28        0x8 
 .text._ZN20CUSBGamePadPS3Device13GetPropertiesEv
                0x00000000000a1b30        0x8 ../MiniDexed/circle-stdlib/libs/circle/lib/usb/libusb.a(usbgamepadps3.o)
                0x00000000000a1b30                CUSBGamePadPS3Device::GetProperties()
 *fill*         0x00000000000a1b38        0x8 
 .text          0x00000000000a1b40      0xad4 ../MiniDexed/circle-stdlib/libs/circle/lib/usb/libusb.a(usbgamepadps4.o)
                0x00000000000a1b40                CUSBGamePadPS4Device::DecodeReport(unsigned char const*)
                0x00000000000a1d00                CUSBGamePadPS4Device::~CUSBGamePadPS4Device()
                0x00000000000a1d00                CUSBGamePadPS4Device::~CUSBGamePadPS4Device()
                0x00000000000a1d50                CUSBGamePadPS4Device::~CUSBGamePadPS4Device()
                0x00000000000a1db0                CUSBGamePadPS4Device::SetLEDMode(unsigned int, unsigned char, unsigned char)
                0x00000000000a1e90                CUSBGamePadPS4Device::SetRumbleMode(TGamePadRumbleMode)
                0x00000000000a1fb0                CUSBGamePadPS4Device::SetLEDMode(TGamePadLEDMode)
                0x00000000000a2160                CUSBGamePadPS4Device::CUSBGamePadPS4Device(CUSBFunction*)
                0x00000000000a2160                CUSBGamePadPS4Device::CUSBGamePadPS4Device(CUSBFunction*)
                0x00000000000a21d0                CUSBGamePadPS4Device::HandleTouchpad(unsigned char const*)
                0x00000000000a2350                CUSBGamePadPS4Device::ReportHandler(unsigned char const*, unsigned int)
                0x00000000000a23c0                CUSBGamePadPS4Device::SendLedRumbleCommand()
                0x00000000000a2490                CUSBGamePadPS4Device::DisableTouchpad()
                0x00000000000a24a0                CUSBGamePadPS4Device::Configure()
 *fill*         0x00000000000a2614        0xc 
 .text._ZN20CUSBGamePadPS4Device13GetPropertiesEv
                0x00000000000a2620        0x8 ../MiniDexed/circle-stdlib/libs/circle/lib/usb/libusb.a(usbgamepadps4.o)
                0x00000000000a2620                CUSBGamePadPS4Device::GetProperties()
 *fill*         0x00000000000a2628        0x8 
 .text          0x00000000000a2630      0x8cc ../MiniDexed/circle-stdlib/libs/circle/lib/usb/libusb.a(usbgamepadstandard.o)
                0x00000000000a2630                CUSBGamePadStandardDevice::~CUSBGamePadStandardDevice()
                0x00000000000a2630                CUSBGamePadStandardDevice::~CUSBGamePadStandardDevice()
                0x00000000000a2670                CUSBGamePadStandardDevice::~CUSBGamePadStandardDevice()
                0x00000000000a26c0                CUSBGamePadStandardDevice::CUSBGamePadStandardDevice(CUSBFunction*, bool)
                0x00000000000a26c0                CUSBGamePadStandardDevice::CUSBGamePadStandardDevice(CUSBFunction*, bool)
                0x00000000000a2700                CUSBGamePadStandardDevice::BitGetUnsigned(void const*, unsigned int, unsigned int)
                0x00000000000a27b0                CUSBGamePadStandardDevice::BitGetSigned(void const*, unsigned int, unsigned int)
                0x00000000000a2890                CUSBGamePadStandardDevice::DecodeReport(unsigned char const*)
                0x00000000000a2d10                CUSBGamePadStandardDevice::Configure()
 *fill*         0x00000000000a2efc        0x4 
 .text._ZN17CUSBGamePadDevice13GetPropertiesEv
                0x00000000000a2f00        0x8 ../MiniDexed/circle-stdlib/libs/circle/lib/usb/libusb.a(usbgamepadstandard.o)
                0x00000000000a2f00                CUSBGamePadDevice::GetProperties()
 *fill*         0x00000000000a2f08        0x8 
 .text._ZN17CUSBGamePadDevice10SetLEDModeE15TGamePadLEDMode
                0x00000000000a2f10        0x8 ../MiniDexed/circle-stdlib/libs/circle/lib/usb/libusb.a(usbgamepadstandard.o)
                0x00000000000a2f10                CUSBGamePadDevice::SetLEDMode(TGamePadLEDMode)
 *fill*         0x00000000000a2f18        0x8 
 .text._ZN17CUSBGamePadDevice13SetRumbleModeE18TGamePadRumbleMode
                0x00000000000a2f20        0x8 ../MiniDexed/circle-stdlib/libs/circle/lib/usb/libusb.a(usbgamepadstandard.o)
                0x00000000000a2f20                CUSBGamePadDevice::SetRumbleMode(TGamePadRumbleMode)
 *fill*         0x00000000000a2f28        0x8 
 .text          0x00000000000a2f30      0x7e0 ../MiniDexed/circle-stdlib/libs/circle/lib/usb/libusb.a(usbgamepadswitchpro.o)
                0x00000000000a2f30                CUSBGamePadSwitchProDevice::~CUSBGamePadSwitchProDevice()
                0x00000000000a2f30                CUSBGamePadSwitchProDevice::~CUSBGamePadSwitchProDevice()
                0x00000000000a2f40                CUSBGamePadSwitchProDevice::~CUSBGamePadSwitchProDevice()
                0x00000000000a2f80                CUSBGamePadSwitchProDevice::SetRumbleMode(TGamePadRumbleMode)
                0x00000000000a3050                CUSBGamePadSwitchProDevice::DecodeReport(unsigned char const*)
                0x00000000000a3260                CUSBGamePadSwitchProDevice::SetLEDMode(TGamePadLEDMode)
                0x00000000000a3330                CUSBGamePadSwitchProDevice::CUSBGamePadSwitchProDevice(CUSBFunction*)
                0x00000000000a3330                CUSBGamePadSwitchProDevice::CUSBGamePadSwitchProDevice(CUSBFunction*)
                0x00000000000a33a0                CUSBGamePadSwitchProDevice::Configure()
 .text._ZN26CUSBGamePadSwitchProDevice13GetPropertiesEv
                0x00000000000a3710        0x8 ../MiniDexed/circle-stdlib/libs/circle/lib/usb/libusb.a(usbgamepadswitchpro.o)
                0x00000000000a3710                CUSBGamePadSwitchProDevice::GetProperties()
 *fill*         0x00000000000a3718        0x8 
 .text          0x00000000000a3720      0x4a4 ../MiniDexed/circle-stdlib/libs/circle/lib/usb/libusb.a(usbgamepadxbox360.o)
                0x00000000000a3720                CUSBGamePadXbox360Device::~CUSBGamePadXbox360Device()
                0x00000000000a3720                CUSBGamePadXbox360Device::~CUSBGamePadXbox360Device()
                0x00000000000a3730                CUSBGamePadXbox360Device::~CUSBGamePadXbox360Device()
                0x00000000000a3770                CUSBGamePadXbox360Device::DecodeReport(unsigned char const*)
                0x00000000000a38f0                CUSBGamePadXbox360Device::SetLEDMode(TGamePadLEDMode)
                0x00000000000a3950                CUSBGamePadXbox360Device::ReportHandler(unsigned char const*, unsigned int)
                0x00000000000a39d0                CUSBGamePadXbox360Device::SetRumbleMode(TGamePadRumbleMode)
                0x00000000000a3a60                CUSBGamePadXbox360Device::CUSBGamePadXbox360Device(CUSBFunction*)
                0x00000000000a3a60                CUSBGamePadXbox360Device::CUSBGamePadXbox360Device(CUSBFunction*)
                0x00000000000a3a90                CUSBGamePadXbox360Device::Configure()
 *fill*         0x00000000000a3bc4        0xc 
 .text._ZN24CUSBGamePadXbox360Device13GetPropertiesEv
                0x00000000000a3bd0        0x8 ../MiniDexed/circle-stdlib/libs/circle/lib/usb/libusb.a(usbgamepadxbox360.o)
                0x00000000000a3bd0                CUSBGamePadXbox360Device::GetProperties()
 *fill*         0x00000000000a3bd8        0x8 
 .text          0x00000000000a3be0      0x508 ../MiniDexed/circle-stdlib/libs/circle/lib/usb/libusb.a(usbgamepadxboxone.o)
                0x00000000000a3be0                CUSBGamePadXboxOneDevice::DecodeReport(unsigned char const*)
                0x00000000000a3d90                CUSBGamePadXboxOneDevice::~CUSBGamePadXboxOneDevice()
                0x00000000000a3d90                CUSBGamePadXboxOneDevice::~CUSBGamePadXboxOneDevice()
                0x00000000000a3da0                CUSBGamePadXboxOneDevice::~CUSBGamePadXboxOneDevice()
                0x00000000000a3de0                CUSBGamePadXboxOneDevice::ReportHandler(unsigned char const*, unsigned int)
                0x00000000000a3ee0                CUSBGamePadXboxOneDevice::SetRumbleMode(TGamePadRumbleMode)
                0x00000000000a3fa0                CUSBGamePadXboxOneDevice::CUSBGamePadXboxOneDevice(CUSBFunction*)
                0x00000000000a3fa0                CUSBGamePadXboxOneDevice::CUSBGamePadXboxOneDevice(CUSBFunction*)
                0x00000000000a3fd0                CUSBGamePadXboxOneDevice::Configure()
 *fill*         0x00000000000a40e8        0x8 
 .text._ZN24CUSBGamePadXboxOneDevice13GetPropertiesEv
                0x00000000000a40f0        0x8 ../MiniDexed/circle-stdlib/libs/circle/lib/usb/libusb.a(usbgamepadxboxone.o)
                0x00000000000a40f0                CUSBGamePadXboxOneDevice::GetProperties()
 *fill*         0x00000000000a40f8        0x8 
 .text          0x00000000000a4100      0x8fc ../MiniDexed/circle-stdlib/libs/circle/lib/usb/libusb.a(usbhiddevice.o)
                0x00000000000a4100                CUSBHIDDevice::SendCompletionRoutine(CUSBRequest*, void*, void*)
                0x00000000000a4190                CUSBHIDDevice::CUSBHIDDevice(CUSBFunction*, unsigned int)
                0x00000000000a4190                CUSBHIDDevice::CUSBHIDDevice(CUSBFunction*, unsigned int)
                0x00000000000a4200                CUSBHIDDevice::~CUSBHIDDevice()
                0x00000000000a4200                CUSBHIDDevice::~CUSBHIDDevice()
                0x00000000000a4280                CUSBHIDDevice::~CUSBHIDDevice()
                0x00000000000a42b0                CUSBHIDDevice::ConfigureHID(unsigned int)
                0x00000000000a4570                CUSBHIDDevice::SendToEndpointOut(void const*, unsigned int, unsigned int)
                0x00000000000a4610                CUSBHIDDevice::SendToEndpointOutAsync(void const*, unsigned int, unsigned int)
                0x00000000000a4720                CUSBHIDDevice::ReceiveFromEndpointIn(void*, unsigned int, unsigned int)
                0x00000000000a47b0                CUSBHIDDevice::StartRequest()
                0x00000000000a4890                CUSBHIDDevice::CompletionRoutine(CUSBRequest*)
                0x00000000000a49d0                CUSBHIDDevice::CompletionStub(CUSBRequest*, void*, void*)
 *fill*         0x00000000000a49fc        0x4 
 .text          0x00000000000a4a00      0x630 ../MiniDexed/circle-stdlib/libs/circle/lib/usb/libusb.a(usbkeyboard.o)
                0x00000000000a4a10                CUSBKeyboardDevice::~CUSBKeyboardDevice()
                0x00000000000a4a10                CUSBKeyboardDevice::~CUSBKeyboardDevice()
                0x00000000000a4a90                CUSBKeyboardDevice::~CUSBKeyboardDevice()
                0x00000000000a4ac0                CUSBKeyboardDevice::ReportHandler(unsigned char const*, unsigned int)
                0x00000000000a4c90                CUSBKeyboardDevice::CUSBKeyboardDevice(CUSBFunction*)
                0x00000000000a4c90                CUSBKeyboardDevice::CUSBKeyboardDevice(CUSBFunction*)
                0x00000000000a4d20                CUSBKeyboardDevice::RegisterKeyPressedHandler(void (*)(char const*))
                0x00000000000a4d30                CUSBKeyboardDevice::RegisterSelectConsoleHandler(void (*)(unsigned int))
                0x00000000000a4d40                CUSBKeyboardDevice::RegisterShutdownHandler(void (*)())
                0x00000000000a4d50                CUSBKeyboardDevice::GetLEDStatus() const
                0x00000000000a4d70                CUSBKeyboardDevice::RegisterKeyStatusHandlerRaw(void (*)(unsigned char, unsigned char const*, void*), bool, void*)
                0x00000000000a4db0                CUSBKeyboardDevice::RegisterKeyStatusHandlerRaw(void (*)(unsigned char, unsigned char const*), bool)
                0x00000000000a4dd0                CUSBKeyboardDevice::UnregisterKeyStatusHandlerRaw()
                0x00000000000a4de0                CUSBKeyboardDevice::SetLEDs(unsigned char)
                0x00000000000a4e70                CUSBKeyboardDevice::Configure()
                0x00000000000a4f80                CUSBKeyboardDevice::UpdateLEDs()
                0x00000000000a5000                CUSBKeyboardDevice::FindByte(unsigned char const*, unsigned char, unsigned int)
 .text.startup  0x00000000000a5030       0x44 ../MiniDexed/circle-stdlib/libs/circle/lib/usb/libusb.a(usbkeyboard.o)
 *fill*         0x00000000000a5074        0xc 
 .text          0x00000000000a5080     0x1020 ../MiniDexed/circle-stdlib/libs/circle/lib/usb/libusb.a(usbmassdevice.o)
                0x00000000000a5080                CUSBBulkOnlyMassStorageDevice::Seek(unsigned long)
                0x00000000000a5090                CUSBBulkOnlyMassStorageDevice::~CUSBBulkOnlyMassStorageDevice()
                0x00000000000a5090                CUSBBulkOnlyMassStorageDevice::~CUSBBulkOnlyMassStorageDevice()
                0x00000000000a5160                CUSBBulkOnlyMassStorageDevice::~CUSBBulkOnlyMassStorageDevice()
                0x00000000000a5190                CUSBBulkOnlyMassStorageDevice::GetSize() const
                0x00000000000a51f0                CUSBBulkOnlyMassStorageDevice::CUSBBulkOnlyMassStorageDevice(CUSBFunction*)
                0x00000000000a51f0                CUSBBulkOnlyMassStorageDevice::CUSBBulkOnlyMassStorageDevice(CUSBFunction*)
                0x00000000000a5230                CUSBBulkOnlyMassStorageDevice::GetCapacity() const
                0x00000000000a5240                CUSBBulkOnlyMassStorageDevice::Command(void*, unsigned long, void*, unsigned long, bool)
                0x00000000000a5660                CUSBBulkOnlyMassStorageDevice::TryRead(void*, unsigned long)
                0x00000000000a5760                CUSBBulkOnlyMassStorageDevice::TryWrite(void const*, unsigned long)
                0x00000000000a5850                CUSBBulkOnlyMassStorageDevice::Reset()
                0x00000000000a59e0                CUSBBulkOnlyMassStorageDevice::Read(void*, unsigned long)
                0x00000000000a5a90                CUSBBulkOnlyMassStorageDevice::Write(void const*, unsigned long)
                0x00000000000a5b40                CUSBBulkOnlyMassStorageDevice::Configure()
 .text.startup  0x00000000000a60a0       0x44 ../MiniDexed/circle-stdlib/libs/circle/lib/usb/libusb.a(usbmassdevice.o)
 *fill*         0x00000000000a60e4        0xc 
 .text          0x00000000000a60f0      0x86c ../MiniDexed/circle-stdlib/libs/circle/lib/usb/libusb.a(usbmidihost.o)
                0x00000000000a60f0                CUSBMIDIHostDevice::~CUSBMIDIHostDevice()
                0x00000000000a60f0                CUSBMIDIHostDevice::~CUSBMIDIHostDevice()
                0x00000000000a61a0                CUSBMIDIHostDevice::~CUSBMIDIHostDevice()
                0x00000000000a61d0                CUSBMIDIHostDevice::SendEventsHandler(unsigned char const*, unsigned int, void*)
                0x00000000000a62c0                CUSBMIDIHostDevice::CUSBMIDIHostDevice(CUSBFunction*)
                0x00000000000a62c0                CUSBMIDIHostDevice::CUSBMIDIHostDevice(CUSBFunction*)
                0x00000000000a6300                CUSBMIDIHostDevice::StartRequest()
                0x00000000000a63f0                CUSBMIDIHostDevice::TimerStub(unsigned long, void*, void*)
                0x00000000000a6450                CUSBMIDIHostDevice::CompletionRoutine(CUSBRequest*)
                0x00000000000a6660                CUSBMIDIHostDevice::CompletionStub(CUSBRequest*, void*, void*)
                0x00000000000a6690                CUSBMIDIHostDevice::TimerHandler(unsigned long)
                0x00000000000a66c0                CUSBMIDIHostDevice::Configure()
 *fill*         0x00000000000a695c        0x4 
 .text          0x00000000000a6960      0x7ec ../MiniDexed/circle-stdlib/libs/circle/lib/usb/libusb.a(usbmouse.o)
                0x00000000000a6960                CUSBMouseDevice::~CUSBMouseDevice()
                0x00000000000a6960                CUSBMouseDevice::~CUSBMouseDevice()
                0x00000000000a69c0                CUSBMouseDevice::~CUSBMouseDevice()
                0x00000000000a69f0                CUSBMouseDevice::CUSBMouseDevice(CUSBFunction*)
                0x00000000000a69f0                CUSBMouseDevice::CUSBMouseDevice(CUSBFunction*)
                0x00000000000a6a30                CUSBMouseDevice::ExtractUnsigned(void const*, unsigned int, unsigned int)
                0x00000000000a6ae0                CUSBMouseDevice::ExtractSigned(void const*, unsigned int, unsigned int)
                0x00000000000a6bb0                CUSBMouseDevice::ReportHandler(unsigned char const*, unsigned int)
                0x00000000000a6c80                CUSBMouseDevice::DecodeReport()
                0x00000000000a6f90                CUSBMouseDevice::Configure()
 *fill*         0x00000000000a714c        0x4 
 .text          0x00000000000a7150      0x3dc ../MiniDexed/circle-stdlib/libs/circle/lib/usb/libusb.a(usbprinter.o)
                0x00000000000a7150                CUSBPrinterDevice::~CUSBPrinterDevice()
                0x00000000000a7150                CUSBPrinterDevice::~CUSBPrinterDevice()
                0x00000000000a71f0                CUSBPrinterDevice::~CUSBPrinterDevice()
                0x00000000000a7220                CUSBPrinterDevice::Write(void const*, unsigned long)
                0x00000000000a72c0                CUSBPrinterDevice::CUSBPrinterDevice(CUSBFunction*)
                0x00000000000a72c0                CUSBPrinterDevice::CUSBPrinterDevice(CUSBFunction*)
                0x00000000000a7300                CUSBPrinterDevice::Configure()
 *fill*         0x00000000000a752c        0x4 
 .text.startup  0x00000000000a7530       0x44 ../MiniDexed/circle-stdlib/libs/circle/lib/usb/libusb.a(usbprinter.o)
 *fill*         0x00000000000a7574        0xc 
 .text          0x00000000000a7580      0x5b8 ../MiniDexed/circle-stdlib/libs/circle/lib/usb/libusb.a(usbstring.o)
                0x00000000000a7580                CUSBString::CUSBString(CUSBDevice*)
                0x00000000000a7580                CUSBString::CUSBString(CUSBDevice*)
                0x00000000000a75f0                CUSBString::CUSBString(CUSBString*)
                0x00000000000a75f0                CUSBString::CUSBString(CUSBString*)
                0x00000000000a76c0                CUSBString::~CUSBString()
                0x00000000000a76c0                CUSBString::~CUSBString()
                0x00000000000a7710                CUSBString::GetFromDescriptor(unsigned char, unsigned short)
                0x00000000000a7970                CUSBString::Get() const
                0x00000000000a7980                CUSBString::GetLanguageID()
 *fill*         0x00000000000a7b38        0x8 
 .text          0x00000000000a7b40      0x5b4 ../MiniDexed/circle-stdlib/libs/circle/lib/usb/libusb.a(usbserialch341.o)
                0x00000000000a7b40                CUSBSerialCH341Device::~CUSBSerialCH341Device()
                0x00000000000a7b40                CUSBSerialCH341Device::~CUSBSerialCH341Device()
                0x00000000000a7b50                CUSBSerialCH341Device::~CUSBSerialCH341Device()
                0x00000000000a7b90                CUSBSerialCH341Device::SetBaudRate(unsigned int)
                0x00000000000a7cc0                CUSBSerialCH341Device::CUSBSerialCH341Device(CUSBFunction*)
                0x00000000000a7cc0                CUSBSerialCH341Device::CUSBSerialCH341Device(CUSBFunction*)
                0x00000000000a7cf0                CUSBSerialCH341Device::GetDeviceIDTable()
                0x00000000000a7d00                CUSBSerialCH341Device::Configure()
                0x00000000000a7ec0                CUSBSerialCH341Device::SetLineProperties(TUSBSerialDataBits, TUSBSerialParity, TUSBSerialStopBits)
 *fill*         0x00000000000a80f4        0xc 
 .text          0x00000000000a8100      0x670 ../MiniDexed/circle-stdlib/libs/circle/lib/usb/libusb.a(usbserialcp210x.o)
                0x00000000000a8100                CUSBSerialCP210xDevice::~CUSBSerialCP210xDevice()
                0x00000000000a8100                CUSBSerialCP210xDevice::~CUSBSerialCP210xDevice()
                0x00000000000a8110                CUSBSerialCP210xDevice::~CUSBSerialCP210xDevice()
                0x00000000000a8150                CUSBSerialCP210xDevice::SetBaudRate(unsigned int)
                0x00000000000a8270                CUSBSerialCP210xDevice::CUSBSerialCP210xDevice(CUSBFunction*)
                0x00000000000a8270                CUSBSerialCP210xDevice::CUSBSerialCP210xDevice(CUSBFunction*)
                0x00000000000a82b0                CUSBSerialCP210xDevice::GetDeviceIDTable()
                0x00000000000a82c0                CUSBSerialCP210xDevice::Configure()
                0x00000000000a84e0                CUSBSerialCP210xDevice::SetLineProperties(TUSBSerialDataBits, TUSBSerialParity, TUSBSerialStopBits)
 .text          0x00000000000a8770      0x8e4 ../MiniDexed/circle-stdlib/libs/circle/lib/usb/libusb.a(usbserialpl2303.o)
                0x00000000000a8770                CUSBSerialPL2303Device::~CUSBSerialPL2303Device()
                0x00000000000a8770                CUSBSerialPL2303Device::~CUSBSerialPL2303Device()
                0x00000000000a8780                CUSBSerialPL2303Device::~CUSBSerialPL2303Device()
                0x00000000000a87c0                CUSBSerialPL2303Device::SetBaudRate(unsigned int)
                0x00000000000a8900                CUSBSerialPL2303Device::CUSBSerialPL2303Device(CUSBFunction*)
                0x00000000000a8900                CUSBSerialPL2303Device::CUSBSerialPL2303Device(CUSBFunction*)